Microsoft Windows [Version 10.0.19045.2673]
(c) Microsoft Corporation. All rights reserved.

E:\Project\lw3.io.dao>git status
On branch master

No commits yet

Untracked files:
  (use "git add <file>..." to include in what will be committed)
        lw3.io_ens/

nothing added to commit but untracked files present (use "git add" to track)

E:\Project\lw3.io.dao>git status
fatal: not a git repository (or any of the parent directories): .git

E:\Project\lw3.io.dao>git init
Initialized empty Git repository in E:/Project/lw3.io.dao/.git/

E:\Project\lw3.io.dao>git add .
warning: adding embedded git repository: lw3.io_ens/my-app
hint: You've added another git repository inside your current repository.
hint: Clones of the outer repository will not contain the contents of
hint: the embedded repository and will not know how to obtain it.
hint: If you meant to add a submodule, use:
hint:
hint:   git submodule add <url> lw3.io_ens/my-app
hint:
hint: If you added this path by mistake, you can remove it from the
hint: index with:
hint:
hint:   git rm --cached lw3.io_ens/my-app
hint:
hint: See "git help submodule" for more information.

E:\Project\lw3.io.dao>git add .

E:\Project\lw3.io.dao>git status
On branch master

No commits yet

Changes to be committed:
  (use "git rm --cached <file>..." to unstage)
        new file:   lw3.io_ens/my-app
        new file:   lw3.io_ens/terminal-commands.txt
        new file:   terminal-commands.txt


E:\Project\lw3.io.dao>git commit -m "ens"
[master (root-commit) f6829e1] ens
 3 files changed, 577 insertions(+)
 create mode 160000 lw3.io_ens/my-app
 create mode 100644 lw3.io_ens/terminal-commands.txt
 create mode 100644 terminal-commands.txt

E:\Project\lw3.io.dao>git status
On branch master
nothing to commit, working tree clean

E:\Project\lw3.io.dao>git remote add origin https://github.com/suvrajeet01/lw3.io-dao.jnr_ens.git

E:\Project\lw3.io.dao>git status
On branch master
nothing to commit, working tree clean

E:\Project\lw3.io.dao>git branch -M trunk

E:\Project\lw3.io.dao>git status
On branch trunk
nothing to commit, working tree clean

E:\Project\lw3.io.dao>git push -u origin trunk
To https://github.com/suvrajeet01/lw3.io-dao.jnr_ens.git
 ! [rejected]        trunk -> trunk (fetch first)
error: failed to push some refs to 'https://github.com/suvrajeet01/lw3.io-dao.jnr_ens.git'
hint: Updates were rejected because the remote contains work that you do
hint: not have locally. This is usually caused by another repository pushing
hint: to the same ref. You may want to first integrate the remote changes
hint: (e.g., 'git pull ...') before pushing again.
hint: See the 'Note about fast-forwards' in 'git push --help' for details.

E:\Project\lw3.io.dao>git status
On branch trunk
nothing to commit, working tree clean

E:\Project\lw3.io.dao>git push --help
The system cannot find the file C:/Apps ^& Softwares/Git/mingw64/share/doc/git-doc/git-push.html.

E:\Project\lw3.io.dao>git push --help
'git' is not recognized as an internal or external command,
operable program or batch file.

E:\Project\lw3.io.dao>