Microsoft Windows [Version 10.0.19045.2673]
(c) Microsoft Corporation. All rights reserved.

E:\Project\lw3.io.dao>git status
On branch master

No commits yet

Untracked files:
  (use "git add <file>..." to include in what will be committed)
        lw3.io_ens/

nothing added to commit but untracked files present (use "git add" to track)

E:\Project\lw3.io.dao>git status
fatal: not a git repository (or any of the parent directories): .git

E:\Project\lw3.io.dao>git init
Initialized empty Git repository in E:/Project/lw3.io.dao/.git/

E:\Project\lw3.io.dao>git add .
warning: adding embedded git repository: lw3.io_ens/my-app
hint: You've added another git repository inside your current repository.
hint: Clones of the outer repository will not contain the contents of
hint: the embedded repository and will not know how to obtain it.
hint: If you meant to add a submodule, use:
hint:
hint:   git submodule add <url> lw3.io_ens/my-app
hint:
hint: If you added this path by mistake, you can remove it from the
hint: index with:
hint:
hint:   git rm --cached lw3.io_ens/my-app
hint:
hint: See "git help submodule" for more information.

E:\Project\lw3.io.dao>git add .

E:\Project\lw3.io.dao>git status
On branch master

No commits yet

Changes to be committed:
  (use "git rm --cached <file>..." to unstage)
        new file:   lw3.io_ens/my-app
        new file:   lw3.io_ens/terminal-commands.txt
        new file:   terminal-commands.txt


E:\Project\lw3.io.dao>git commit -m "ens"
[master (root-commit) f6829e1] ens
 3 files changed, 577 insertions(+)
 create mode 160000 lw3.io_ens/my-app
 create mode 100644 lw3.io_ens/terminal-commands.txt
 create mode 100644 terminal-commands.txt

E:\Project\lw3.io.dao>git status
On branch master
nothing to commit, working tree clean

E:\Project\lw3.io.dao>git remote add origin https://github.com/suvrajeet01/lw3.io-dao.jnr_ens.git

E:\Project\lw3.io.dao>git status
On branch master
nothing to commit, working tree clean

E:\Project\lw3.io.dao>git branch -M trunk

E:\Project\lw3.io.dao>git status
On branch trunk
nothing to commit, working tree clean

E:\Project\lw3.io.dao>git push -u origin trunk
To https://github.com/suvrajeet01/lw3.io-dao.jnr_ens.git
 ! [rejected]        trunk -> trunk (fetch first)
error: failed to push some refs to 'https://github.com/suvrajeet01/lw3.io-dao.jnr_ens.git'
hint: Updates were rejected because the remote contains work that you do
hint: not have locally. This is usually caused by another repository pushing
hint: to the same ref. You may want to first integrate the remote changes
hint: (e.g., 'git pull ...') before pushing again.
hint: See the 'Note about fast-forwards' in 'git push --help' for details.

E:\Project\lw3.io.dao>git status
On branch trunk
nothing to commit, working tree clean

E:\Project\lw3.io.dao>git push --help
The system cannot find the file C:/Apps ^& Softwares/Git/mingw64/share/doc/git-doc/git-push.html.

E:\Project\lw3.io.dao>git push --help
'git' is not recognized as an internal or external command,
operable program or batch file.

E:\Project\lw3.io.dao>























































Microsoft Windows [Version 10.0.19045.2673]
(c) Microsoft Corporation. All rights reserved.

E:\Project\lw3.io.dao>git status
'git' is not recognized as an internal or external command,
operable program or batch file.

E:\Project\lw3.io.dao>git status
On branch trunk
Changes not staged for commit:
  (use "git add <file>..." to update what will be committed)
  (use "git restore <file>..." to discard changes in working directory)
        modified:   terminal-commands.txt

no changes added to commit (use "git add" and/or "git commit -a")

E:\Project\lw3.io.dao>git add .

E:\Project\lw3.io.dao>git status
On branch trunk
Changes to be committed:
  (use "git restore --staged <file>..." to unstage)
        modified:   terminal-commands.txt


E:\Project\lw3.io.dao>git commit -m "terminal-commands"
[trunk 2c19b72] terminal-commands
 1 file changed, 95 insertions(+)

E:\Project\lw3.io.dao>git status
On branch trunk
nothing to commit, working tree clean

E:\Project\lw3.io.dao>git push -u origin trunk
To https://github.com/suvrajeet01/lw3.io-dao.jnr_ens.git
 ! [rejected]        trunk -> trunk (fetch first)
error: failed to push some refs to 'https://github.com/suvrajeet01/lw3.io-dao.jnr_ens.git'
hint: Updates were rejected because the remote contains work that you do
hint: not have locally. This is usually caused by another repository pushing
hint: to the same ref. You may want to first integrate the remote changes
hint: (e.g., 'git pull ...') before pushing again.
hint: See the 'Note about fast-forwards' in 'git push --help' for details.

E:\Project\lw3.io.dao>git push --help
The system cannot find the file C:/Apps ^& Softwares/Git/mingw64/share/doc/git-doc/git-push.html.

E:\Project\lw3.io.dao>git pull
remote: Enumerating objects: 3, done.
remote: Counting objects: 100% (3/3), done.
remote: Compressing objects: 100% (2/2), done.
remote: Total 3 (delta 0), reused 0 (delta 0), pack-reused 0
Unpacking objects: 100% (3/3), 672 bytes | 26.00 KiB/s, done.
From https://github.com/suvrajeet01/lw3.io-dao.jnr_ens
 * [new branch]      trunk      -> origin/trunk
There is no tracking information for the current branch.
Please specify which branch you want to merge with.
See git-pull(1) for details.

    git pull <remote> <branch>

If you wish to set tracking information for this branch you can do so with:

    git branch --set-upstream-to=origin/<branch> trunk


E:\Project\lw3.io.dao>git push -u origin trunk
To https://github.com/suvrajeet01/lw3.io-dao.jnr_ens.git
 ! [rejected]        trunk -> trunk (non-fast-forward)
error: failed to push some refs to 'https://github.com/suvrajeet01/lw3.io-dao.jnr_ens.git'
hint: Updates were rejected because the tip of your current branch is behind
hint: its remote counterpart. Integrate the remote changes (e.g.
hint: 'git pull ...') before pushing again.
hint: See the 'Note about fast-forwards' in 'git push --help' for details.

E:\Project\lw3.io.dao>git pull https://github.com/suvrajeet01/lw3.io-dao.jnr_ens.git trunk
From https://github.com/suvrajeet01/lw3.io-dao.jnr_ens
 * branch            trunk      -> FETCH_HEAD
fatal: refusing to merge unrelated histories

E:\Project\lw3.io.dao>git push -u origin trunk
To https://github.com/suvrajeet01/lw3.io-dao.jnr_ens.git
 ! [rejected]        trunk -> trunk (non-fast-forward)
error: failed to push some refs to 'https://github.com/suvrajeet01/lw3.io-dao.jnr_ens.git'
hint: Updates were rejected because the tip of your current branch is behind
hint: its remote counterpart. Integrate the remote changes (e.g.
hint: 'git pull ...') before pushing again.
hint: See the 'Note about fast-forwards' in 'git push --help' for details.

E:\Project\lw3.io.dao>git fetch origin trunk
From https://github.com/suvrajeet01/lw3.io-dao.jnr_ens
 * branch            trunk      -> FETCH_HEAD

E:\Project\lw3.io.dao>git merge origin trunk
merge: origin - not something we can merge

E:\Project\lw3.io.dao>git merge trunk
Already up to date.

E:\Project\lw3.io.dao>git status
On branch trunk
nothing to commit, working tree clean

E:\Project\lw3.io.dao>git push -u origin trunk
To https://github.com/suvrajeet01/lw3.io-dao.jnr_ens.git
 ! [rejected]        trunk -> trunk (non-fast-forward)
error: failed to push some refs to 'https://github.com/suvrajeet01/lw3.io-dao.jnr_ens.git'
hint: Updates were rejected because the tip of your current branch is behind
hint: its remote counterpart. Integrate the remote changes (e.g.
hint: 'git pull ...') before pushing again.
hint: See the 'Note about fast-forwards' in 'git push --help' for details.

E:\Project\lw3.io.dao>git push
fatal: The current branch trunk has no upstream branch.
To push the current branch and set the remote as upstream, use

    git push --set-upstream origin trunk

To have this happen automatically for branches without a tracking
upstream, see 'push.autoSetupRemote' in 'git help config'.


E:\Project\lw3.io.dao>git push --set-upstream origin trunk
To https://github.com/suvrajeet01/lw3.io-dao.jnr_ens.git
 ! [rejected]        trunk -> trunk (non-fast-forward)
error: failed to push some refs to 'https://github.com/suvrajeet01/lw3.io-dao.jnr_ens.git'
hint: Updates were rejected because the tip of your current branch is behind
hint: its remote counterpart. Integrate the remote changes (e.g.
hint: 'git pull ...') before pushing again.
hint: See the 'Note about fast-forwards' in 'git push --help' for details.

E:\Project\lw3.io.dao>git pull --rebase
There is no tracking information for the current branch.
Please specify which branch you want to rebase against.
See git-pull(1) for details.

    git pull <remote> <branch>

If you wish to set tracking information for this branch you can do so with:

    git branch --set-upstream-to=origin/<branch> trunk


E:\Project\lw3.io.dao>git branch
* trunk

E:\Project\lw3.io.dao>git pull(1)
git: 'pull(1)' is not a git command. See 'git --help'.

E:\Project\lw3.io.dao>git-pull(1)
'git-pull' is not recognized as an internal or external command,
operable program or batch file.

E:\Project\lw3.io.dao>git fetch

E:\Project\lw3.io.dao>git log --oneline --decorate
2c19b72 (HEAD -> trunk) terminal-commands
f6829e1 ens

E:\Project\lw3.io.dao>git log --oneline
2c19b72 (HEAD -> trunk) terminal-commands
f6829e1 ens

E:\Project\lw3.io.dao>.git remote -v
'.git' is not recognized as an internal or external command,
operable program or batch file.

E:\Project\lw3.io.dao>git remote -v
origin  https://github.com/suvrajeet01/lw3.io-dao.jnr_ens.git (fetch)
origin  https://github.com/suvrajeet01/lw3.io-dao.jnr_ens.git (push)

E:\Project\lw3.io.dao>




































































































































































Microsoft Windows [Version 10.0.19045.2673]
(c) Microsoft Corporation. All rights reserved.

E:\Project\lw3.io.dao>git status
'git' is not recognized as an internal or external command,
operable program or batch file.

E:\Project\lw3.io.dao>git status
On branch trunk
Changes not staged for commit:
  (use "git add <file>..." to update what will be committed)
  (use "git restore <file>..." to discard changes in working directory)
        modified:   terminal-commands.txt

no changes added to commit (use "git add" and/or "git commit -a")

E:\Project\lw3.io.dao>git add .

E:\Project\lw3.io.dao>git status
On branch trunk
Changes to be committed:
  (use "git restore --staged <file>..." to unstage)
        modified:   terminal-commands.txt


E:\Project\lw3.io.dao>git commit -m "terminal-commands"
[trunk 2c19b72] terminal-commands
 1 file changed, 95 insertions(+)

E:\Project\lw3.io.dao>git status
On branch trunk
nothing to commit, working tree clean

E:\Project\lw3.io.dao>git push -u origin trunk
To https://github.com/suvrajeet01/lw3.io-dao.jnr_ens.git
 ! [rejected]        trunk -> trunk (fetch first)
error: failed to push some refs to 'https://github.com/suvrajeet01/lw3.io-dao.jnr_ens.git'
hint: Updates were rejected because the remote contains work that you do
hint: not have locally. This is usually caused by another repository pushing
hint: to the same ref. You may want to first integrate the remote changes
hint: (e.g., 'git pull ...') before pushing again.
hint: See the 'Note about fast-forwards' in 'git push --help' for details.

E:\Project\lw3.io.dao>git push --help
The system cannot find the file C:/Apps ^& Softwares/Git/mingw64/share/doc/git-doc/git-push.html.

E:\Project\lw3.io.dao>git pull
remote: Enumerating objects: 3, done.
remote: Counting objects: 100% (3/3), done.
remote: Compressing objects: 100% (2/2), done.
remote: Total 3 (delta 0), reused 0 (delta 0), pack-reused 0
Unpacking objects: 100% (3/3), 672 bytes | 26.00 KiB/s, done.
From https://github.com/suvrajeet01/lw3.io-dao.jnr_ens
 * [new branch]      trunk      -> origin/trunk
There is no tracking information for the current branch.
Please specify which branch you want to merge with.
See git-pull(1) for details.

    git pull <remote> <branch>

If you wish to set tracking information for this branch you can do so with:

    git branch --set-upstream-to=origin/<branch> trunk


E:\Project\lw3.io.dao>git push -u origin trunk
To https://github.com/suvrajeet01/lw3.io-dao.jnr_ens.git
 ! [rejected]        trunk -> trunk (non-fast-forward)
error: failed to push some refs to 'https://github.com/suvrajeet01/lw3.io-dao.jnr_ens.git'
hint: Updates were rejected because the tip of your current branch is behind
hint: its remote counterpart. Integrate the remote changes (e.g.
hint: 'git pull ...') before pushing again.
hint: See the 'Note about fast-forwards' in 'git push --help' for details.

E:\Project\lw3.io.dao>git pull https://github.com/suvrajeet01/lw3.io-dao.jnr_ens.git trunk
From https://github.com/suvrajeet01/lw3.io-dao.jnr_ens
 * branch            trunk      -> FETCH_HEAD
fatal: refusing to merge unrelated histories

E:\Project\lw3.io.dao>git push -u origin trunk
To https://github.com/suvrajeet01/lw3.io-dao.jnr_ens.git
 ! [rejected]        trunk -> trunk (non-fast-forward)
error: failed to push some refs to 'https://github.com/suvrajeet01/lw3.io-dao.jnr_ens.git'
hint: Updates were rejected because the tip of your current branch is behind
hint: its remote counterpart. Integrate the remote changes (e.g.
hint: 'git pull ...') before pushing again.
hint: See the 'Note about fast-forwards' in 'git push --help' for details.

E:\Project\lw3.io.dao>git fetch origin trunk
From https://github.com/suvrajeet01/lw3.io-dao.jnr_ens
 * branch            trunk      -> FETCH_HEAD

E:\Project\lw3.io.dao>git merge origin trunk
merge: origin - not something we can merge

E:\Project\lw3.io.dao>git merge trunk
Already up to date.

E:\Project\lw3.io.dao>git status
On branch trunk
nothing to commit, working tree clean

E:\Project\lw3.io.dao>git push -u origin trunk
To https://github.com/suvrajeet01/lw3.io-dao.jnr_ens.git
 ! [rejected]        trunk -> trunk (non-fast-forward)
error: failed to push some refs to 'https://github.com/suvrajeet01/lw3.io-dao.jnr_ens.git'
hint: Updates were rejected because the tip of your current branch is behind
hint: its remote counterpart. Integrate the remote changes (e.g.
hint: 'git pull ...') before pushing again.
hint: See the 'Note about fast-forwards' in 'git push --help' for details.

E:\Project\lw3.io.dao>git push
fatal: The current branch trunk has no upstream branch.
To push the current branch and set the remote as upstream, use

    git push --set-upstream origin trunk

To have this happen automatically for branches without a tracking
upstream, see 'push.autoSetupRemote' in 'git help config'.


E:\Project\lw3.io.dao>git push --set-upstream origin trunk
To https://github.com/suvrajeet01/lw3.io-dao.jnr_ens.git
 ! [rejected]        trunk -> trunk (non-fast-forward)
error: failed to push some refs to 'https://github.com/suvrajeet01/lw3.io-dao.jnr_ens.git'
hint: Updates were rejected because the tip of your current branch is behind
hint: its remote counterpart. Integrate the remote changes (e.g.
hint: 'git pull ...') before pushing again.
hint: See the 'Note about fast-forwards' in 'git push --help' for details.

E:\Project\lw3.io.dao>git pull --rebase
There is no tracking information for the current branch.
Please specify which branch you want to rebase against.
See git-pull(1) for details.

    git pull <remote> <branch>

If you wish to set tracking information for this branch you can do so with:

    git branch --set-upstream-to=origin/<branch> trunk


E:\Project\lw3.io.dao>git branch
* trunk

E:\Project\lw3.io.dao>git pull(1)
git: 'pull(1)' is not a git command. See 'git --help'.

E:\Project\lw3.io.dao>git-pull(1)
'git-pull' is not recognized as an internal or external command,
operable program or batch file.

E:\Project\lw3.io.dao>git fetch

E:\Project\lw3.io.dao>git log --oneline --decorate
2c19b72 (HEAD -> trunk) terminal-commands
f6829e1 ens

E:\Project\lw3.io.dao>git log --oneline
2c19b72 (HEAD -> trunk) terminal-commands
f6829e1 ens

E:\Project\lw3.io.dao>.git remote -v
'.git' is not recognized as an internal or external command,
operable program or batch file.

E:\Project\lw3.io.dao>git remote -v
origin  https://github.com/suvrajeet01/lw3.io-dao.jnr_ens.git (fetch)
origin  https://github.com/suvrajeet01/lw3.io-dao.jnr_ens.git (push)

E:\Project\lw3.io.dao>git status
On branch trunk
Changes not staged for commit:
  (use "git add <file>..." to update what will be committed)
  (use "git restore <file>..." to discard changes in working directory)
        modified:   terminal-commands.txt

no changes added to commit (use "git add" and/or "git commit -a")

E:\Project\lw3.io.dao>git add .

E:\Project\lw3.io.dao>git commit -m "terminal-commands"
[trunk f167b09] terminal-commands
 1 file changed, 226 insertions(+)

E:\Project\lw3.io.dao>git status
On branch trunk
nothing to commit, working tree clean

E:\Project\lw3.io.dao>git status
On branch trunk
nothing to commit, working tree clean

E:\Project\lw3.io.dao>git remote add origin https://github.com/suvrajeet01/lw3.io-dao.jnr_ens.git
error: remote origin already exists.

E:\Project\lw3.io.dao>git branch
* trunk

E:\Project\lw3.io.dao>git status
On branch trunk
nothing to commit, working tree clean

E:\Project\lw3.io.dao>git push origin trunk
To https://github.com/suvrajeet01/lw3.io-dao.jnr_ens.git
 ! [rejected]        trunk -> trunk (non-fast-forward)
error: failed to push some refs to 'https://github.com/suvrajeet01/lw3.io-dao.jnr_ens.git'
hint: Updates were rejected because the tip of your current branch is behind
hint: its remote counterpart. Integrate the remote changes (e.g.
hint: 'git pull ...') before pushing again.
hint: See the 'Note about fast-forwards' in 'git push --help' for details.

E:\Project\lw3.io.dao>git log --oneline
f167b09 (HEAD -> trunk) terminal-commands
2c19b72 terminal-commands
f6829e1 ens

E:\Project\lw3.io.dao>git pull
There is no tracking information for the current branch.
Please specify which branch you want to merge with.
See git-pull(1) for details.

    git pull <remote> <branch>

If you wish to set tracking information for this branch you can do so with:

    git branch --set-upstream-to=origin/<branch> trunk


E:\Project\lw3.io.dao>git remote -v
origin  https://github.com/suvrajeet01/lw3.io-dao.jnr_ens.git (fetch)
origin  https://github.com/suvrajeet01/lw3.io-dao.jnr_ens.git (push)

E:\Project\lw3.io.dao>git pull origin master
fatal: couldn't find remote ref master

E:\Project\lw3.io.dao>git pull origin trunk
From https://github.com/suvrajeet01/lw3.io-dao.jnr_ens
 * branch            trunk      -> FETCH_HEAD
fatal: refusing to merge unrelated histories

E:\Project\lw3.io.dao>git pull origin trunk --allow-unrelated-history
error: unknown option `allow-unrelated-history'
usage: git pull [<options>] [<repository> [<refspec>...]]

    -v, --verbose         be more verbose
    -q, --quiet           be more quiet
    --progress            force progress reporting
    --recurse-submodules[=<on-demand>]
                          control for recursive fetching of submodules

Options related to merging
    -r, --rebase[=(false|true|merges|interactive)]
                          incorporate changes by rebasing rather than merging
    -n                    do not show a diffstat at the end of the merge
    --stat                show a diffstat at the end of the merge
    --log[=<n>]           add (at most <n>) entries from shortlog to merge commit message
    --signoff[=...]       add a Signed-off-by trailer
    --squash              create a single commit instead of doing a merge
    --commit              perform a commit if the merge succeeds (default)
    --edit                edit message before committing
    --cleanup <mode>      how to strip spaces and #comments from message
    --ff                  allow fast-forward
    --ff-only             abort if fast-forward is not possible
    --verify              control use of pre-merge-commit and commit-msg hooks
    --verify-signatures   verify that the named commit has a valid GPG signature
    --autostash           automatically stash/stash pop before and after
    -s, --strategy <strategy>
                          merge strategy to use
    -X, --strategy-option <option=value>
                          option for selected merge strategy
    -S, --gpg-sign[=<key-id>]
                          GPG sign commit
    --allow-unrelated-histories
                          allow merging unrelated histories

Options related to fetching
    --all                 fetch from all remotes
    -a, --append          append to .git/FETCH_HEAD instead of overwriting
    --upload-pack <path>  path to upload pack on remote end
    -f, --force           force overwrite of local branch
    -t, --tags            fetch all tags and associated objects
    -p, --prune           prune remote-tracking branches no longer on remote
    -j, --jobs[=<n>]      number of submodules pulled in parallel
    --dry-run             dry run
    -k, --keep            keep downloaded pack
    --depth <depth>       deepen history of shallow clone
    --shallow-since <time>
                          deepen history of shallow repository based on time
    --shallow-exclude <revision>
                          deepen history of shallow clone, excluding rev
    --deepen <n>          deepen history of shallow clone
    --unshallow           convert to a complete repository
    --update-shallow      accept refs that update .git/shallow
    --refmap <refmap>     specify fetch refmap
    -o, --server-option <server-specific>
                          option to transmit
    -4, --ipv4            use IPv4 addresses only
    -6, --ipv6            use IPv6 addresses only
    --negotiation-tip <revision>
                          report that we have only objects reachable from this object
    --show-forced-updates
                          check for forced-updates on all updated branches
    --set-upstream        set upstream for git pull/fetch


E:\Project\lw3.io.dao>git pull origin trunk --allow-unrelated-histories
From https://github.com/suvrajeet01/lw3.io-dao.jnr_ens
 * branch            trunk      -> FETCH_HEAD
Merge made by the 'ort' strategy.
 README.md | 2 ++
 1 file changed, 2 insertions(+)
 create mode 100644 README.md

E:\Project\lw3.io.dao>git status
On branch trunk
nothing to commit, working tree clean

E:\Project\lw3.io.dao>git push -u origin trunk
Enumerating objects: 14, done.
Counting objects: 100% (14/14), done.
Delta compression using up to 4 threads
Compressing objects: 100% (12/12), done.
Writing objects: 100% (13/13), 4.68 KiB | 2.34 MiB/s, done.
Total 13 (delta 2), reused 0 (delta 0), pack-reused 0
remote: Resolving deltas: 100% (2/2), done.
To https://github.com/suvrajeet01/lw3.io-dao.jnr_ens.git
   36b2214..bd19e5f  trunk -> trunk
branch 'trunk' set up to track 'origin/trunk'.

E:\Project\lw3.io.dao>git status
On branch trunk
Your branch is up to date with 'origin/trunk'.

nothing to commit, working tree clean

E:\Project\lw3.io.dao>















